Archive member included because of file (symbol)

c:/users/abdo/downloads/drive-download-20210929t192809z-001/sdk_win_64/sdk_win_64/sdk_win_64/winavr/bin/../lib/gcc/avr/4.3.3/avr5\libgcc.a(_mulsi3.o)
                              ./CLCD_prog.o (__mulsi3)
c:/users/abdo/downloads/drive-download-20210929t192809z-001/sdk_win_64/sdk_win_64/sdk_win_64/winavr/bin/../lib/gcc/avr/4.3.3/avr5\libgcc.a(_udivmodsi4.o)
                              ./CLCD_prog.o (__udivmodsi4)
c:/users/abdo/downloads/drive-download-20210929t192809z-001/sdk_win_64/sdk_win_64/sdk_win_64/winavr/bin/../lib/gcc/avr/4.3.3/avr5\libgcc.a(_exit.o)
                              c:/users/abdo/downloads/drive-download-20210929t192809z-001/sdk_win_64/sdk_win_64/sdk_win_64/winavr/bin/../lib/gcc/avr/4.3.3/../../../../avr/lib/avr5/crtm32.o (exit)
c:/users/abdo/downloads/drive-download-20210929t192809z-001/sdk_win_64/sdk_win_64/sdk_win_64/winavr/bin/../lib/gcc/avr/4.3.3/avr5\libgcc.a(_copy_data.o)
                              ./ADC_prog.o (__do_copy_data)
c:/users/abdo/downloads/drive-download-20210929t192809z-001/sdk_win_64/sdk_win_64/sdk_win_64/winavr/bin/../lib/gcc/avr/4.3.3/avr5\libgcc.a(_clear_bss.o)
                              ./ADC_prog.o (__do_clear_bss)
c:/users/abdo/downloads/drive-download-20210929t192809z-001/sdk_win_64/sdk_win_64/sdk_win_64/winavr/bin/../lib/gcc/avr/4.3.3/avr5\libgcc.a(_fixunssfsi.o)
                              ./CLCD_prog.o (__fixunssfsi)
c:/users/abdo/downloads/drive-download-20210929t192809z-001/sdk_win_64/sdk_win_64/sdk_win_64/winavr/bin/../lib/gcc/avr/4.3.3/avr5\libgcc.a(_addsub_sf.o)
                              c:/users/abdo/downloads/drive-download-20210929t192809z-001/sdk_win_64/sdk_win_64/sdk_win_64/winavr/bin/../lib/gcc/avr/4.3.3/avr5\libgcc.a(_fixunssfsi.o) (__subsf3)
c:/users/abdo/downloads/drive-download-20210929t192809z-001/sdk_win_64/sdk_win_64/sdk_win_64/winavr/bin/../lib/gcc/avr/4.3.3/avr5\libgcc.a(_mul_sf.o)
                              ./CLCD_prog.o (__mulsf3)
c:/users/abdo/downloads/drive-download-20210929t192809z-001/sdk_win_64/sdk_win_64/sdk_win_64/winavr/bin/../lib/gcc/avr/4.3.3/avr5\libgcc.a(_gt_sf.o)
                              ./CLCD_prog.o (__gtsf2)
c:/users/abdo/downloads/drive-download-20210929t192809z-001/sdk_win_64/sdk_win_64/sdk_win_64/winavr/bin/../lib/gcc/avr/4.3.3/avr5\libgcc.a(_ge_sf.o)
                              c:/users/abdo/downloads/drive-download-20210929t192809z-001/sdk_win_64/sdk_win_64/sdk_win_64/winavr/bin/../lib/gcc/avr/4.3.3/avr5\libgcc.a(_fixunssfsi.o) (__gesf2)
c:/users/abdo/downloads/drive-download-20210929t192809z-001/sdk_win_64/sdk_win_64/sdk_win_64/winavr/bin/../lib/gcc/avr/4.3.3/avr5\libgcc.a(_lt_sf.o)
                              ./CLCD_prog.o (__ltsf2)
c:/users/abdo/downloads/drive-download-20210929t192809z-001/sdk_win_64/sdk_win_64/sdk_win_64/winavr/bin/../lib/gcc/avr/4.3.3/avr5\libgcc.a(_sf_to_si.o)
                              c:/users/abdo/downloads/drive-download-20210929t192809z-001/sdk_win_64/sdk_win_64/sdk_win_64/winavr/bin/../lib/gcc/avr/4.3.3/avr5\libgcc.a(_fixunssfsi.o) (__fixsfsi)
c:/users/abdo/downloads/drive-download-20210929t192809z-001/sdk_win_64/sdk_win_64/sdk_win_64/winavr/bin/../lib/gcc/avr/4.3.3/avr5\libgcc.a(_thenan_sf.o)
                              c:/users/abdo/downloads/drive-download-20210929t192809z-001/sdk_win_64/sdk_win_64/sdk_win_64/winavr/bin/../lib/gcc/avr/4.3.3/avr5\libgcc.a(_addsub_sf.o) (__thenan_sf)
c:/users/abdo/downloads/drive-download-20210929t192809z-001/sdk_win_64/sdk_win_64/sdk_win_64/winavr/bin/../lib/gcc/avr/4.3.3/avr5\libgcc.a(_prologue.o)
                              c:/users/abdo/downloads/drive-download-20210929t192809z-001/sdk_win_64/sdk_win_64/sdk_win_64/winavr/bin/../lib/gcc/avr/4.3.3/avr5\libgcc.a(_addsub_sf.o) (__prologue_saves__)
c:/users/abdo/downloads/drive-download-20210929t192809z-001/sdk_win_64/sdk_win_64/sdk_win_64/winavr/bin/../lib/gcc/avr/4.3.3/avr5\libgcc.a(_epilogue.o)
                              c:/users/abdo/downloads/drive-download-20210929t192809z-001/sdk_win_64/sdk_win_64/sdk_win_64/winavr/bin/../lib/gcc/avr/4.3.3/avr5\libgcc.a(_addsub_sf.o) (__epilogue_restores__)
c:/users/abdo/downloads/drive-download-20210929t192809z-001/sdk_win_64/sdk_win_64/sdk_win_64/winavr/bin/../lib/gcc/avr/4.3.3/avr5\libgcc.a(_pack_sf.o)
                              c:/users/abdo/downloads/drive-download-20210929t192809z-001/sdk_win_64/sdk_win_64/sdk_win_64/winavr/bin/../lib/gcc/avr/4.3.3/avr5\libgcc.a(_addsub_sf.o) (__pack_f)
c:/users/abdo/downloads/drive-download-20210929t192809z-001/sdk_win_64/sdk_win_64/sdk_win_64/winavr/bin/../lib/gcc/avr/4.3.3/avr5\libgcc.a(_unpack_sf.o)
                              c:/users/abdo/downloads/drive-download-20210929t192809z-001/sdk_win_64/sdk_win_64/sdk_win_64/winavr/bin/../lib/gcc/avr/4.3.3/avr5\libgcc.a(_addsub_sf.o) (__unpack_f)
c:/users/abdo/downloads/drive-download-20210929t192809z-001/sdk_win_64/sdk_win_64/sdk_win_64/winavr/bin/../lib/gcc/avr/4.3.3/avr5\libgcc.a(_fpcmp_parts_sf.o)
                              c:/users/abdo/downloads/drive-download-20210929t192809z-001/sdk_win_64/sdk_win_64/sdk_win_64/winavr/bin/../lib/gcc/avr/4.3.3/avr5\libgcc.a(_gt_sf.o) (__fpcmp_parts_f)

Memory Configuration

Name             Origin             Length             Attributes
text             0x00000000         0x00020000         xr
data             0x00800060         0x0000ffa0         rw !x
eeprom           0x00810000         0x00010000         rw !x
fuse             0x00820000         0x00000400         rw !x
lock             0x00830000         0x00000400         rw !x
signature        0x00840000         0x00000400         rw !x
*default*        0x00000000         0xffffffff

Linker script and memory map

LOAD c:/users/abdo/downloads/drive-download-20210929t192809z-001/sdk_win_64/sdk_win_64/sdk_win_64/winavr/bin/../lib/gcc/avr/4.3.3/../../../../avr/lib/avr5/crtm32.o
LOAD ./ADC_prog.o
LOAD ./CLCD_prog.o
LOAD ./DIO_prog.o
LOAD ./EXTI_prog.o
LOAD ./GIE_prog.o
LOAD ./KPD_prog.o
LOAD ./LED_prog.o
LOAD ./PORT_prog.o
LOAD ./SPI_prog.o
LOAD ./SSD_prog.o
LOAD ./Switch_prog.o
LOAD ./TIMER_prog.o
LOAD ./UART_prog.o
LOAD ./main.o
LOAD c:/users/abdo/downloads/drive-download-20210929t192809z-001/sdk_win_64/sdk_win_64/sdk_win_64/winavr/bin/../lib/gcc/avr/4.3.3/avr5\libgcc.a
LOAD c:/users/abdo/downloads/drive-download-20210929t192809z-001/sdk_win_64/sdk_win_64/sdk_win_64/winavr/bin/../lib/gcc/avr/4.3.3/../../../../avr/lib/avr5\libc.a
LOAD c:/users/abdo/downloads/drive-download-20210929t192809z-001/sdk_win_64/sdk_win_64/sdk_win_64/winavr/bin/../lib/gcc/avr/4.3.3/avr5\libgcc.a

.hash
 *(.hash)

.dynsym
 *(.dynsym)

.dynstr
 *(.dynstr)

.gnu.version
 *(.gnu.version)

.gnu.version_d
 *(.gnu.version_d)

.gnu.version_r
 *(.gnu.version_r)

.rel.init
 *(.rel.init)

.rela.init
 *(.rela.init)

.rel.text
 *(.rel.text)
 *(.rel.text.*)
 *(.rel.gnu.linkonce.t*)

.rela.text
 *(.rela.text)
 *(.rela.text.*)
 *(.rela.gnu.linkonce.t*)

.rel.fini
 *(.rel.fini)

.rela.fini
 *(.rela.fini)

.rel.rodata
 *(.rel.rodata)
 *(.rel.rodata.*)
 *(.rel.gnu.linkonce.r*)

.rela.rodata
 *(.rela.rodata)
 *(.rela.rodata.*)
 *(.rela.gnu.linkonce.r*)

.rel.data
 *(.rel.data)
 *(.rel.data.*)
 *(.rel.gnu.linkonce.d*)

.rela.data
 *(.rela.data)
 *(.rela.data.*)
 *(.rela.gnu.linkonce.d*)

.rel.ctors
 *(.rel.ctors)

.rela.ctors
 *(.rela.ctors)

.rel.dtors
 *(.rel.dtors)

.rela.dtors
 *(.rela.dtors)

.rel.got
 *(.rel.got)

.rela.got
 *(.rela.got)

.rel.bss
 *(.rel.bss)

.rela.bss
 *(.rela.bss)

.rel.plt
 *(.rel.plt)

.rela.plt
 *(.rela.plt)

.text           0x00000000     0x2ae4
 *(.vectors)
 .vectors       0x00000000       0x54 c:/users/abdo/downloads/drive-download-20210929t192809z-001/sdk_win_64/sdk_win_64/sdk_win_64/winavr/bin/../lib/gcc/avr/4.3.3/../../../../avr/lib/avr5/crtm32.o
                0x00000000                __vectors
                0x00000000                __vector_default
 *(.vectors)
 *(.progmem.gcc*)
 *(.progmem*)
                0x00000054                . = ALIGN (0x2)
                0x00000054                __trampolines_start = .
 *(.trampolines)
 .trampolines   0x00000054        0x0 linker stubs
 *(.trampolines*)
                0x00000054                __trampolines_end = .
 *(.jumptables)
 *(.jumptables*)
 *(.lowtext)
 *(.lowtext*)
                0x00000054                __ctors_start = .
 *(.ctors)
                0x00000054                __ctors_end = .
                0x00000054                __dtors_start = .
 *(.dtors)
                0x00000054                __dtors_end = .
 SORT(*)(.ctors)
 SORT(*)(.dtors)
 *(.init0)
 .init0         0x00000054        0x0 c:/users/abdo/downloads/drive-download-20210929t192809z-001/sdk_win_64/sdk_win_64/sdk_win_64/winavr/bin/../lib/gcc/avr/4.3.3/../../../../avr/lib/avr5/crtm32.o
                0x00000054                __init
 *(.init0)
 *(.init1)
 *(.init1)
 *(.init2)
 .init2         0x00000054        0xc c:/users/abdo/downloads/drive-download-20210929t192809z-001/sdk_win_64/sdk_win_64/sdk_win_64/winavr/bin/../lib/gcc/avr/4.3.3/../../../../avr/lib/avr5/crtm32.o
 *(.init2)
 *(.init3)
 *(.init3)
 *(.init4)
 .init4         0x00000060       0x16 c:/users/abdo/downloads/drive-download-20210929t192809z-001/sdk_win_64/sdk_win_64/sdk_win_64/winavr/bin/../lib/gcc/avr/4.3.3/avr5\libgcc.a(_copy_data.o)
                0x00000060                __do_copy_data
 .init4         0x00000076       0x10 c:/users/abdo/downloads/drive-download-20210929t192809z-001/sdk_win_64/sdk_win_64/sdk_win_64/winavr/bin/../lib/gcc/avr/4.3.3/avr5\libgcc.a(_clear_bss.o)
                0x00000076                __do_clear_bss
 *(.init4)
 *(.init5)
 *(.init5)
 *(.init6)
 *(.init6)
 *(.init7)
 *(.init7)
 *(.init8)
 *(.init8)
 *(.init9)
 .init9         0x00000086        0x8 c:/users/abdo/downloads/drive-download-20210929t192809z-001/sdk_win_64/sdk_win_64/sdk_win_64/winavr/bin/../lib/gcc/avr/4.3.3/../../../../avr/lib/avr5/crtm32.o
 *(.init9)
 *(.text)
 .text          0x0000008e        0x4 c:/users/abdo/downloads/drive-download-20210929t192809z-001/sdk_win_64/sdk_win_64/sdk_win_64/winavr/bin/../lib/gcc/avr/4.3.3/../../../../avr/lib/avr5/crtm32.o
                0x0000008e                __vector_12
                0x0000008e                __bad_interrupt
                0x0000008e                __vector_13
                0x0000008e                __vector_17
                0x0000008e                __vector_19
                0x0000008e                __vector_5
                0x0000008e                __vector_4
                0x0000008e                __vector_15
                0x0000008e                __vector_14
                0x0000008e                __vector_18
                0x0000008e                __vector_20
 .text          0x00000092        0x0 ./ADC_prog.o
 .text          0x00000092        0x0 ./CLCD_prog.o
 .text          0x00000092        0x0 ./DIO_prog.o
 .text          0x00000092        0x0 ./EXTI_prog.o
 .text          0x00000092        0x0 ./GIE_prog.o
 .text          0x00000092        0x0 ./KPD_prog.o
 .text          0x00000092        0x0 ./LED_prog.o
 .text          0x00000092        0x0 ./PORT_prog.o
 .text          0x00000092        0x0 ./SPI_prog.o
 .text          0x00000092        0x0 ./SSD_prog.o
 .text          0x00000092        0x0 ./Switch_prog.o
 .text          0x00000092        0x0 ./TIMER_prog.o
 .text          0x00000092        0x0 ./UART_prog.o
 .text          0x00000092        0x0 ./main.o
 .text          0x00000092        0x0 c:/users/abdo/downloads/drive-download-20210929t192809z-001/sdk_win_64/sdk_win_64/sdk_win_64/winavr/bin/../lib/gcc/avr/4.3.3/avr5\libgcc.a(_mulsi3.o)
 .text          0x00000092        0x0 c:/users/abdo/downloads/drive-download-20210929t192809z-001/sdk_win_64/sdk_win_64/sdk_win_64/winavr/bin/../lib/gcc/avr/4.3.3/avr5\libgcc.a(_udivmodsi4.o)
 .text          0x00000092        0x0 c:/users/abdo/downloads/drive-download-20210929t192809z-001/sdk_win_64/sdk_win_64/sdk_win_64/winavr/bin/../lib/gcc/avr/4.3.3/avr5\libgcc.a(_exit.o)
 .text          0x00000092        0x0 c:/users/abdo/downloads/drive-download-20210929t192809z-001/sdk_win_64/sdk_win_64/sdk_win_64/winavr/bin/../lib/gcc/avr/4.3.3/avr5\libgcc.a(_copy_data.o)
 .text          0x00000092        0x0 c:/users/abdo/downloads/drive-download-20210929t192809z-001/sdk_win_64/sdk_win_64/sdk_win_64/winavr/bin/../lib/gcc/avr/4.3.3/avr5\libgcc.a(_clear_bss.o)
 .text          0x00000092       0x58 c:/users/abdo/downloads/drive-download-20210929t192809z-001/sdk_win_64/sdk_win_64/sdk_win_64/winavr/bin/../lib/gcc/avr/4.3.3/avr5\libgcc.a(_fixunssfsi.o)
                0x00000092                __fixunssfsi
 .text          0x000000ea      0x354 c:/users/abdo/downloads/drive-download-20210929t192809z-001/sdk_win_64/sdk_win_64/sdk_win_64/winavr/bin/../lib/gcc/avr/4.3.3/avr5\libgcc.a(_addsub_sf.o)
                0x00000382                __subsf3
                0x000003e4                __addsf3
 .text          0x0000043e      0x1f4 c:/users/abdo/downloads/drive-download-20210929t192809z-001/sdk_win_64/sdk_win_64/sdk_win_64/winavr/bin/../lib/gcc/avr/4.3.3/avr5\libgcc.a(_mul_sf.o)
                0x0000043e                __mulsf3
 .text          0x00000632       0x60 c:/users/abdo/downloads/drive-download-20210929t192809z-001/sdk_win_64/sdk_win_64/sdk_win_64/winavr/bin/../lib/gcc/avr/4.3.3/avr5\libgcc.a(_gt_sf.o)
                0x00000632                __gtsf2
 .text          0x00000692       0x60 c:/users/abdo/downloads/drive-download-20210929t192809z-001/sdk_win_64/sdk_win_64/sdk_win_64/winavr/bin/../lib/gcc/avr/4.3.3/avr5\libgcc.a(_ge_sf.o)
                0x00000692                __gesf2
 .text          0x000006f2       0x60 c:/users/abdo/downloads/drive-download-20210929t192809z-001/sdk_win_64/sdk_win_64/sdk_win_64/winavr/bin/../lib/gcc/avr/4.3.3/avr5\libgcc.a(_lt_sf.o)
                0x000006f2                __ltsf2
 .text          0x00000752       0xa8 c:/users/abdo/downloads/drive-download-20210929t192809z-001/sdk_win_64/sdk_win_64/sdk_win_64/winavr/bin/../lib/gcc/avr/4.3.3/avr5\libgcc.a(_sf_to_si.o)
                0x00000752                __fixsfsi
 .text          0x000007fa        0x0 c:/users/abdo/downloads/drive-download-20210929t192809z-001/sdk_win_64/sdk_win_64/sdk_win_64/winavr/bin/../lib/gcc/avr/4.3.3/avr5\libgcc.a(_thenan_sf.o)
 .text          0x000007fa        0x0 c:/users/abdo/downloads/drive-download-20210929t192809z-001/sdk_win_64/sdk_win_64/sdk_win_64/winavr/bin/../lib/gcc/avr/4.3.3/avr5\libgcc.a(_prologue.o)
 .text          0x000007fa        0x0 c:/users/abdo/downloads/drive-download-20210929t192809z-001/sdk_win_64/sdk_win_64/sdk_win_64/winavr/bin/../lib/gcc/avr/4.3.3/avr5\libgcc.a(_epilogue.o)
 .text          0x000007fa      0x1aa c:/users/abdo/downloads/drive-download-20210929t192809z-001/sdk_win_64/sdk_win_64/sdk_win_64/winavr/bin/../lib/gcc/avr/4.3.3/avr5\libgcc.a(_pack_sf.o)
                0x000007fa                __pack_f
 .text          0x000009a4       0xf0 c:/users/abdo/downloads/drive-download-20210929t192809z-001/sdk_win_64/sdk_win_64/sdk_win_64/winavr/bin/../lib/gcc/avr/4.3.3/avr5\libgcc.a(_unpack_sf.o)
                0x000009a4                __unpack_f
 .text          0x00000a94       0xb2 c:/users/abdo/downloads/drive-download-20210929t192809z-001/sdk_win_64/sdk_win_64/sdk_win_64/winavr/bin/../lib/gcc/avr/4.3.3/avr5\libgcc.a(_fpcmp_parts_sf.o)
                0x00000a94                __fpcmp_parts_f
                0x00000b46                . = ALIGN (0x2)
 *(.text.*)
 .text.ADC_voidInit
                0x00000b46       0x60 ./ADC_prog.o
                0x00000b46                ADC_voidInit
 .text.ADC_voidEnable
                0x00000ba6       0x1c ./ADC_prog.o
                0x00000ba6                ADC_voidEnable
 .text.ADC_voidDisable
                0x00000bc2       0x1c ./ADC_prog.o
                0x00000bc2                ADC_voidDisable
 .text.ADC_u16StartConversionSync
                0x00000bde      0x116 ./ADC_prog.o
                0x00000bde                ADC_u16StartConversionSync
 .text.ADC_u16StartConversionAsync
                0x00000cf4       0xb2 ./ADC_prog.o
                0x00000cf4                ADC_u16StartConversionAsync
 .text.__vector_16
                0x00000da6       0x92 ./ADC_prog.o
                0x00000da6                __vector_16
 .text.SetDataPins
                0x00000e38       0x60 ./CLCD_prog.o
 .text.SendEnablePulse
                0x00000e98      0x11e ./CLCD_prog.o
 .text.CLCD_voidSendCommand
                0x00000fb6       0x40 ./CLCD_prog.o
                0x00000fb6                CLCD_voidSendCommand
 .text.CLCD_voidSendData
                0x00000ff6       0x40 ./CLCD_prog.o
                0x00000ff6                CLCD_voidSendData
 .text.CLCD_voidInit
                0x00001036      0x134 ./CLCD_prog.o
                0x00001036                CLCD_voidInit
 .text.CLCD_sendString
                0x0000116a       0x70 ./CLCD_prog.o
                0x0000116a                CLCD_sendString
 .text.CLCD_sendNumebr
                0x000011da      0x142 ./CLCD_prog.o
                0x000011da                CLCD_sendNumebr
 .text.CLCD_voidGoToXY
                0x0000131c       0x40 ./CLCD_prog.o
                0x0000131c                CLCD_voidGoToXY
 .text.CLCD_voidSendSpecialChatacter
                0x0000135c       0x9a ./CLCD_prog.o
                0x0000135c                CLCD_voidSendSpecialChatacter
 .text.CLCD_voidClearDisplay
                0x000013f6       0x14 ./CLCD_prog.o
                0x000013f6                CLCD_voidClearDisplay
 .text.DIO_u8SetPinValue
                0x0000140a      0x198 ./DIO_prog.o
                0x0000140a                DIO_u8SetPinValue
 .text.DIO_u8SetPortValue
                0x000015a2       0x90 ./DIO_prog.o
                0x000015a2                DIO_u8SetPortValue
 .text.DIO_u8ReadPinValue
                0x00001632      0x146 ./DIO_prog.o
                0x00001632                DIO_u8ReadPinValue
 .text.DIO_u8TogglePinValue
                0x00001778      0x116 ./DIO_prog.o
                0x00001778                DIO_u8TogglePinValue
 .text.EXTI_voidInit
                0x0000188e       0x7e ./EXTI_prog.o
                0x0000188e                EXTI_voidInit
 .text.EXTI_u8SetSenseControl
                0x0000190c      0x20a ./EXTI_prog.o
                0x0000190c                EXTI_u8SetSenseControl
 .text.EXTI_u8EnableInt
                0x00001b16       0x7a ./EXTI_prog.o
                0x00001b16                EXTI_u8EnableInt
 .text.EXTI_u8DisableInt
                0x00001b90       0x7a ./EXTI_prog.o
                0x00001b90                EXTI_u8DisableInt
 .text.EXTI_u8SetCallBack
                0x00001c0a       0x4e ./EXTI_prog.o
                0x00001c0a                EXTI_u8SetCallBack
 .text.__vector_1
                0x00001c58       0x6a ./EXTI_prog.o
                0x00001c58                __vector_1
 .text.__vector_2
                0x00001cc2       0x6a ./EXTI_prog.o
                0x00001cc2                __vector_2
 .text.__vector_3
                0x00001d2c       0x6a ./EXTI_prog.o
                0x00001d2c                __vector_3
 .text.GIE_voidEnableGlobal
                0x00001d96       0x10 ./GIE_prog.o
                0x00001d96                GIE_voidEnableGlobal
 .text.GIE_voidDisableGlobal
                0x00001da6       0x10 ./GIE_prog.o
                0x00001da6                GIE_voidDisableGlobal
 .text.KPD_u8GetPressedKey
                0x00001db6       0xf0 ./KPD_prog.o
                0x00001db6                KPD_u8GetPressedKey
 .text.LED_u8TurnON
                0x00001ea6       0x80 ./LED_prog.o
                0x00001ea6                LED_u8TurnON
 .text.LED_u8TurnOFF
                0x00001f26       0x80 ./LED_prog.o
                0x00001f26                LED_u8TurnOFF
 .text.PORT_voidInit
                0x00001fa6       0x46 ./PORT_prog.o
                0x00001fa6                PORT_voidInit
 .text.SPI_voidINitMaster
                0x00001fec       0x54 ./SPI_prog.o
                0x00001fec                SPI_voidINitMaster
 .text.SPI_voidInitSlave
                0x00002040       0x2a ./SPI_prog.o
                0x00002040                SPI_voidInitSlave
 .text.SPI_u8Transcieve
                0x0000206a       0x22 ./SPI_prog.o
                0x0000206a                SPI_u8Transcieve
 .text.SSD_u8Enable
                0x0000208c       0x70 ./SSD_prog.o
                0x0000208c                SSD_u8Enable
 .text.SSD_u8Disable
                0x000020fc       0x70 ./SSD_prog.o
                0x000020fc                SSD_u8Disable
 .text.SSD_u8SetNumber
                0x0000216c       0xd4 ./SSD_prog.o
                0x0000216c                SSD_u8SetNumber
 .text.SW_u8GetState
                0x00002240       0xb8 ./Switch_prog.o
                0x00002240                SW_u8GetState
 .text.TIMER0_voidInit
                0x000022f8       0x86 ./TIMER_prog.o
                0x000022f8                TIMER0_voidInit
 .text.TIMER_Ovf_u8SetCallBack
                0x0000237e       0x76 ./TIMER_prog.o
                0x0000237e                TIMER_Ovf_u8SetCallBack
 .text.Timer0_voidSetTimerValue
                0x000023f4       0x1c ./TIMER_prog.o
                0x000023f4                Timer0_voidSetTimerValue
 .text.Timer0_voidSetCompareValue
                0x00002410       0x2a ./TIMER_prog.o
                0x00002410                Timer0_voidSetCompareValue
 .text.__vector_11
                0x0000243a       0x6a ./TIMER_prog.o
                0x0000243a                __vector_11
 .text.__vector_10
                0x000024a4       0x6a ./TIMER_prog.o
                0x000024a4                __vector_10
 .text.TIMER1_voidInit
                0x0000250e       0x70 ./TIMER_prog.o
                0x0000250e                TIMER1_voidInit
 .text.__vector_6
                0x0000257e       0x6a ./TIMER_prog.o
                0x0000257e                __vector_6
 .text.__vector_7
                0x000025e8       0x20 ./TIMER_prog.o
                0x000025e8                __vector_7
 .text.__vector_8
                0x00002608       0x20 ./TIMER_prog.o
                0x00002608                __vector_8
 .text.__vector_9
                0x00002628       0x20 ./TIMER_prog.o
                0x00002628                __vector_9
 .text.Timer1_voidSetTimerValue
                0x00002648       0x24 ./TIMER_prog.o
                0x00002648                Timer1_voidSetTimerValue
 .text.Timer1_u16GetTimerValue
                0x0000266c       0x16 ./TIMER_prog.o
                0x0000266c                Timer1_u16GetTimerValue
 .text.ICU_voidINit
                0x00002682       0x2a ./TIMER_prog.o
                0x00002682                ICU_voidINit
 .text.ICU_u8SetTrigger
                0x000026ac       0x60 ./TIMER_prog.o
                0x000026ac                ICU_u8SetTrigger
 .text.ICU_u16GetCaptureeReading
                0x0000270c       0x16 ./TIMER_prog.o
                0x0000270c                ICU_u16GetCaptureeReading
 .text.ICU_voidInterruptDisable
                0x00002722       0x1c ./TIMER_prog.o
                0x00002722                ICU_voidInterruptDisable
 .text.USART_voidInit
                0x0000273e       0x64 ./UART_prog.o
                0x0000273e                USART_voidInit
 .text.USART_u8RecieveData
                0x000027a2       0x1e ./UART_prog.o
                0x000027a2                USART_u8RecieveData
 .text.USART_voidSendData
                0x000027c0       0x34 ./UART_prog.o
                0x000027c0                USART_voidSendData
 .text.WDT_voidEnable
                0x000027f4       0x1c ./main.o
                0x000027f4                WDT_voidEnable
 .text.WDT_voidSleep
                0x00002810       0x38 ./main.o
                0x00002810                WDT_voidSleep
 .text.WDT_voidDisable
                0x00002848       0x1c ./main.o
                0x00002848                WDT_voidDisable
 .text.ISR      0x00002864       0x72 ./main.o
                0x00002864                ISR
 .text.main     0x000028d6      0x11a ./main.o
                0x000028d6                main
 .text.libgcc   0x000029f0       0x3e c:/users/abdo/downloads/drive-download-20210929t192809z-001/sdk_win_64/sdk_win_64/sdk_win_64/winavr/bin/../lib/gcc/avr/4.3.3/avr5\libgcc.a(_mulsi3.o)
                0x000029f0                __mulsi3
 .text.libgcc   0x00002a2e       0x44 c:/users/abdo/downloads/drive-download-20210929t192809z-001/sdk_win_64/sdk_win_64/sdk_win_64/winavr/bin/../lib/gcc/avr/4.3.3/avr5\libgcc.a(_udivmodsi4.o)
                0x00002a2e                __udivmodsi4
 .text.libgcc   0x00002a72        0x0 c:/users/abdo/downloads/drive-download-20210929t192809z-001/sdk_win_64/sdk_win_64/sdk_win_64/winavr/bin/../lib/gcc/avr/4.3.3/avr5\libgcc.a(_exit.o)
 .text.libgcc   0x00002a72        0x0 c:/users/abdo/downloads/drive-download-20210929t192809z-001/sdk_win_64/sdk_win_64/sdk_win_64/winavr/bin/../lib/gcc/avr/4.3.3/avr5\libgcc.a(_copy_data.o)
 .text.libgcc   0x00002a72        0x0 c:/users/abdo/downloads/drive-download-20210929t192809z-001/sdk_win_64/sdk_win_64/sdk_win_64/winavr/bin/../lib/gcc/avr/4.3.3/avr5\libgcc.a(_clear_bss.o)
 .text.libgcc   0x00002a72       0x38 c:/users/abdo/downloads/drive-download-20210929t192809z-001/sdk_win_64/sdk_win_64/sdk_win_64/winavr/bin/../lib/gcc/avr/4.3.3/avr5\libgcc.a(_prologue.o)
                0x00002a72                __prologue_saves__
 .text.libgcc   0x00002aaa       0x36 c:/users/abdo/downloads/drive-download-20210929t192809z-001/sdk_win_64/sdk_win_64/sdk_win_64/winavr/bin/../lib/gcc/avr/4.3.3/avr5\libgcc.a(_epilogue.o)
                0x00002aaa                __epilogue_restores__
                0x00002ae0                . = ALIGN (0x2)
 *(.fini9)
 .fini9         0x00002ae0        0x0 c:/users/abdo/downloads/drive-download-20210929t192809z-001/sdk_win_64/sdk_win_64/sdk_win_64/winavr/bin/../lib/gcc/avr/4.3.3/avr5\libgcc.a(_exit.o)
                0x00002ae0                exit
                0x00002ae0                _exit
 *(.fini9)
 *(.fini8)
 *(.fini8)
 *(.fini7)
 *(.fini7)
 *(.fini6)
 *(.fini6)
 *(.fini5)
 *(.fini5)
 *(.fini4)
 *(.fini4)
 *(.fini3)
 *(.fini3)
 *(.fini2)
 *(.fini2)
 *(.fini1)
 *(.fini1)
 *(.fini0)
 .fini0         0x00002ae0        0x4 c:/users/abdo/downloads/drive-download-20210929t192809z-001/sdk_win_64/sdk_win_64/sdk_win_64/winavr/bin/../lib/gcc/avr/4.3.3/avr5\libgcc.a(_exit.o)
 *(.fini0)
                0x00002ae4                _etext = .

.data           0x00800060       0x30 load address 0x00002ae4
                0x00800060                PROVIDE (__data_start, .)
 *(.data)
 .data          0x00800060        0x0 c:/users/abdo/downloads/drive-download-20210929t192809z-001/sdk_win_64/sdk_win_64/sdk_win_64/winavr/bin/../lib/gcc/avr/4.3.3/../../../../avr/lib/avr5/crtm32.o
 .data          0x00800060        0x0 ./ADC_prog.o
 .data          0x00800060        0x0 ./CLCD_prog.o
 .data          0x00800060        0x0 ./DIO_prog.o
 .data          0x00800060        0x0 ./EXTI_prog.o
 .data          0x00800060        0x0 ./GIE_prog.o
 .data          0x00800060        0x0 ./KPD_prog.o
 .data          0x00800060        0x0 ./LED_prog.o
 .data          0x00800060        0x0 ./PORT_prog.o
 .data          0x00800060        0x0 ./SPI_prog.o
 .data          0x00800060        0x0 ./SSD_prog.o
 .data          0x00800060        0x0 ./Switch_prog.o
 .data          0x00800060        0x0 ./TIMER_prog.o
 .data          0x00800060        0x0 ./UART_prog.o
 .data          0x00800060        0x0 ./main.o
 .data          0x00800060        0x0 c:/users/abdo/downloads/drive-download-20210929t192809z-001/sdk_win_64/sdk_win_64/sdk_win_64/winavr/bin/../lib/gcc/avr/4.3.3/avr5\libgcc.a(_mulsi3.o)
 .data          0x00800060        0x0 c:/users/abdo/downloads/drive-download-20210929t192809z-001/sdk_win_64/sdk_win_64/sdk_win_64/winavr/bin/../lib/gcc/avr/4.3.3/avr5\libgcc.a(_udivmodsi4.o)
 .data          0x00800060        0x0 c:/users/abdo/downloads/drive-download-20210929t192809z-001/sdk_win_64/sdk_win_64/sdk_win_64/winavr/bin/../lib/gcc/avr/4.3.3/avr5\libgcc.a(_exit.o)
 .data          0x00800060        0x0 c:/users/abdo/downloads/drive-download-20210929t192809z-001/sdk_win_64/sdk_win_64/sdk_win_64/winavr/bin/../lib/gcc/avr/4.3.3/avr5\libgcc.a(_copy_data.o)
 .data          0x00800060        0x0 c:/users/abdo/downloads/drive-download-20210929t192809z-001/sdk_win_64/sdk_win_64/sdk_win_64/winavr/bin/../lib/gcc/avr/4.3.3/avr5\libgcc.a(_clear_bss.o)
 .data          0x00800060        0x0 c:/users/abdo/downloads/drive-download-20210929t192809z-001/sdk_win_64/sdk_win_64/sdk_win_64/winavr/bin/../lib/gcc/avr/4.3.3/avr5\libgcc.a(_fixunssfsi.o)
 .data          0x00800060        0x0 c:/users/abdo/downloads/drive-download-20210929t192809z-001/sdk_win_64/sdk_win_64/sdk_win_64/winavr/bin/../lib/gcc/avr/4.3.3/avr5\libgcc.a(_addsub_sf.o)
 .data          0x00800060        0x0 c:/users/abdo/downloads/drive-download-20210929t192809z-001/sdk_win_64/sdk_win_64/sdk_win_64/winavr/bin/../lib/gcc/avr/4.3.3/avr5\libgcc.a(_mul_sf.o)
 .data          0x00800060        0x0 c:/users/abdo/downloads/drive-download-20210929t192809z-001/sdk_win_64/sdk_win_64/sdk_win_64/winavr/bin/../lib/gcc/avr/4.3.3/avr5\libgcc.a(_gt_sf.o)
 .data          0x00800060        0x0 c:/users/abdo/downloads/drive-download-20210929t192809z-001/sdk_win_64/sdk_win_64/sdk_win_64/winavr/bin/../lib/gcc/avr/4.3.3/avr5\libgcc.a(_ge_sf.o)
 .data          0x00800060        0x0 c:/users/abdo/downloads/drive-download-20210929t192809z-001/sdk_win_64/sdk_win_64/sdk_win_64/winavr/bin/../lib/gcc/avr/4.3.3/avr5\libgcc.a(_lt_sf.o)
 .data          0x00800060        0x0 c:/users/abdo/downloads/drive-download-20210929t192809z-001/sdk_win_64/sdk_win_64/sdk_win_64/winavr/bin/../lib/gcc/avr/4.3.3/avr5\libgcc.a(_sf_to_si.o)
 .data          0x00800060        0x8 c:/users/abdo/downloads/drive-download-20210929t192809z-001/sdk_win_64/sdk_win_64/sdk_win_64/winavr/bin/../lib/gcc/avr/4.3.3/avr5\libgcc.a(_thenan_sf.o)
                0x00800060                __thenan_sf
 .data          0x00800068        0x0 c:/users/abdo/downloads/drive-download-20210929t192809z-001/sdk_win_64/sdk_win_64/sdk_win_64/winavr/bin/../lib/gcc/avr/4.3.3/avr5\libgcc.a(_prologue.o)
 .data          0x00800068        0x0 c:/users/abdo/downloads/drive-download-20210929t192809z-001/sdk_win_64/sdk_win_64/sdk_win_64/winavr/bin/../lib/gcc/avr/4.3.3/avr5\libgcc.a(_epilogue.o)
 .data          0x00800068        0x0 c:/users/abdo/downloads/drive-download-20210929t192809z-001/sdk_win_64/sdk_win_64/sdk_win_64/winavr/bin/../lib/gcc/avr/4.3.3/avr5\libgcc.a(_pack_sf.o)
 .data          0x00800068        0x0 c:/users/abdo/downloads/drive-download-20210929t192809z-001/sdk_win_64/sdk_win_64/sdk_win_64/winavr/bin/../lib/gcc/avr/4.3.3/avr5\libgcc.a(_unpack_sf.o)
 .data          0x00800068        0x0 c:/users/abdo/downloads/drive-download-20210929t192809z-001/sdk_win_64/sdk_win_64/sdk_win_64/winavr/bin/../lib/gcc/avr/4.3.3/avr5\libgcc.a(_fpcmp_parts_sf.o)
 *(.data*)
 .data.ADC_pvNotificationFunc
                0x00800068        0x2 ./ADC_prog.o
 .data.ADC_pu16Result
                0x0080006a        0x2 ./ADC_prog.o
 .data.EXTI_pvCallBackFunc
                0x0080006c        0x6 ./EXTI_prog.o
                0x0080006c                EXTI_pvCallBackFunc
 .data.Local_u8RowArr.1214
                0x00800072        0x4 ./KPD_prog.o
 .data.Local_u8ColArr.1213
                0x00800076        0x4 ./KPD_prog.o
 .data.Local_u8KPDArr.1212
                0x0080007a       0x10 ./KPD_prog.o
 .data.TimerOvF_pvCallBackFunc
                0x0080008a        0x2 ./TIMER_prog.o
 .data.TimerCompareOvF_pvCallBackFunc
                0x0080008c        0x2 ./TIMER_prog.o
 .data.ICU_pvCallBackFunc
                0x0080008e        0x2 ./TIMER_prog.o
 *(.rodata)
 *(.rodata*)
 *(.gnu.linkonce.d*)
                0x00800090                . = ALIGN (0x2)
                0x00800090                _edata = .
                0x00800090                PROVIDE (__data_end, .)

.bss            0x00800090        0x9
                0x00800090                PROVIDE (__bss_start, .)
 *(.bss)
 .bss           0x00800090        0x0 c:/users/abdo/downloads/drive-download-20210929t192809z-001/sdk_win_64/sdk_win_64/sdk_win_64/winavr/bin/../lib/gcc/avr/4.3.3/../../../../avr/lib/avr5/crtm32.o
 .bss           0x00800090        0x0 ./ADC_prog.o
 .bss           0x00800090        0x0 ./CLCD_prog.o
 .bss           0x00800090        0x0 ./DIO_prog.o
 .bss           0x00800090        0x0 ./EXTI_prog.o
 .bss           0x00800090        0x0 ./GIE_prog.o
 .bss           0x00800090        0x0 ./KPD_prog.o
 .bss           0x00800090        0x0 ./LED_prog.o
 .bss           0x00800090        0x0 ./PORT_prog.o
 .bss           0x00800090        0x0 ./SPI_prog.o
 .bss           0x00800090        0x0 ./SSD_prog.o
 .bss           0x00800090        0x0 ./Switch_prog.o
 .bss           0x00800090        0x0 ./TIMER_prog.o
 .bss           0x00800090        0x0 ./UART_prog.o
 .bss           0x00800090        0x0 ./main.o
 .bss           0x00800090        0x0 c:/users/abdo/downloads/drive-download-20210929t192809z-001/sdk_win_64/sdk_win_64/sdk_win_64/winavr/bin/../lib/gcc/avr/4.3.3/avr5\libgcc.a(_mulsi3.o)
 .bss           0x00800090        0x0 c:/users/abdo/downloads/drive-download-20210929t192809z-001/sdk_win_64/sdk_win_64/sdk_win_64/winavr/bin/../lib/gcc/avr/4.3.3/avr5\libgcc.a(_udivmodsi4.o)
 .bss           0x00800090        0x0 c:/users/abdo/downloads/drive-download-20210929t192809z-001/sdk_win_64/sdk_win_64/sdk_win_64/winavr/bin/../lib/gcc/avr/4.3.3/avr5\libgcc.a(_exit.o)
 .bss           0x00800090        0x0 c:/users/abdo/downloads/drive-download-20210929t192809z-001/sdk_win_64/sdk_win_64/sdk_win_64/winavr/bin/../lib/gcc/avr/4.3.3/avr5\libgcc.a(_copy_data.o)
 .bss           0x00800090        0x0 c:/users/abdo/downloads/drive-download-20210929t192809z-001/sdk_win_64/sdk_win_64/sdk_win_64/winavr/bin/../lib/gcc/avr/4.3.3/avr5\libgcc.a(_clear_bss.o)
 .bss           0x00800090        0x0 c:/users/abdo/downloads/drive-download-20210929t192809z-001/sdk_win_64/sdk_win_64/sdk_win_64/winavr/bin/../lib/gcc/avr/4.3.3/avr5\libgcc.a(_fixunssfsi.o)
 .bss           0x00800090        0x0 c:/users/abdo/downloads/drive-download-20210929t192809z-001/sdk_win_64/sdk_win_64/sdk_win_64/winavr/bin/../lib/gcc/avr/4.3.3/avr5\libgcc.a(_addsub_sf.o)
 .bss           0x00800090        0x0 c:/users/abdo/downloads/drive-download-20210929t192809z-001/sdk_win_64/sdk_win_64/sdk_win_64/winavr/bin/../lib/gcc/avr/4.3.3/avr5\libgcc.a(_mul_sf.o)
 .bss           0x00800090        0x0 c:/users/abdo/downloads/drive-download-20210929t192809z-001/sdk_win_64/sdk_win_64/sdk_win_64/winavr/bin/../lib/gcc/avr/4.3.3/avr5\libgcc.a(_gt_sf.o)
 .bss           0x00800090        0x0 c:/users/abdo/downloads/drive-download-20210929t192809z-001/sdk_win_64/sdk_win_64/sdk_win_64/winavr/bin/../lib/gcc/avr/4.3.3/avr5\libgcc.a(_ge_sf.o)
 .bss           0x00800090        0x0 c:/users/abdo/downloads/drive-download-20210929t192809z-001/sdk_win_64/sdk_win_64/sdk_win_64/winavr/bin/../lib/gcc/avr/4.3.3/avr5\libgcc.a(_lt_sf.o)
 .bss           0x00800090        0x0 c:/users/abdo/downloads/drive-download-20210929t192809z-001/sdk_win_64/sdk_win_64/sdk_win_64/winavr/bin/../lib/gcc/avr/4.3.3/avr5\libgcc.a(_sf_to_si.o)
 .bss           0x00800090        0x0 c:/users/abdo/downloads/drive-download-20210929t192809z-001/sdk_win_64/sdk_win_64/sdk_win_64/winavr/bin/../lib/gcc/avr/4.3.3/avr5\libgcc.a(_thenan_sf.o)
 .bss           0x00800090        0x0 c:/users/abdo/downloads/drive-download-20210929t192809z-001/sdk_win_64/sdk_win_64/sdk_win_64/winavr/bin/../lib/gcc/avr/4.3.3/avr5\libgcc.a(_prologue.o)
 .bss           0x00800090        0x0 c:/users/abdo/downloads/drive-download-20210929t192809z-001/sdk_win_64/sdk_win_64/sdk_win_64/winavr/bin/../lib/gcc/avr/4.3.3/avr5\libgcc.a(_epilogue.o)
 .bss           0x00800090        0x0 c:/users/abdo/downloads/drive-download-20210929t192809z-001/sdk_win_64/sdk_win_64/sdk_win_64/winavr/bin/../lib/gcc/avr/4.3.3/avr5\libgcc.a(_pack_sf.o)
 .bss           0x00800090        0x0 c:/users/abdo/downloads/drive-download-20210929t192809z-001/sdk_win_64/sdk_win_64/sdk_win_64/winavr/bin/../lib/gcc/avr/4.3.3/avr5\libgcc.a(_unpack_sf.o)
 .bss           0x00800090        0x0 c:/users/abdo/downloads/drive-download-20210929t192809z-001/sdk_win_64/sdk_win_64/sdk_win_64/winavr/bin/../lib/gcc/avr/4.3.3/avr5\libgcc.a(_fpcmp_parts_sf.o)
 *(.bss*)
 .bss.ADC_u8BusyState
                0x00800090        0x1 ./ADC_prog.o
 .bss.StartTime
                0x00800091        0x2 ./main.o
 .bss.SecondEdgeTime
                0x00800093        0x2 ./main.o
 .bss.ThirdEdgeTime
                0x00800095        0x2 ./main.o
 .bss.Global_enable
                0x00800097        0x1 ./main.o
 .bss.Local_u8Edge.1397
                0x00800098        0x1 ./main.o
 *(COMMON)
                0x00800099                PROVIDE (__bss_end, .)
                0x00002ae4                __data_load_start = LOADADDR (.data)
                0x00002b14                __data_load_end = (__data_load_start + SIZEOF (.data))

.noinit         0x00800099        0x0
                0x00800099                PROVIDE (__noinit_start, .)
 *(.noinit*)
                0x00800099                PROVIDE (__noinit_end, .)
                0x00800099                _end = .
                0x00800099                PROVIDE (__heap_start, .)

.eeprom         0x00810000        0x0
 *(.eeprom*)
                0x00810000                __eeprom_end = .

.fuse
 *(.fuse)
 *(.lfuse)
 *(.hfuse)
 *(.efuse)

.lock
 *(.lock*)

.signature
 *(.signature*)

.stab           0x00000000     0x342c
 *(.stab)
 .stab          0x00000000      0x540 ./ADC_prog.o
 .stab          0x00000540      0xa20 ./CLCD_prog.o
                                0xabc (size before relaxing)
 .stab          0x00000f60      0x45c ./DIO_prog.o
                                0x4f8 (size before relaxing)
 .stab          0x000013bc      0x57c ./EXTI_prog.o
                                0x618 (size before relaxing)
 .stab          0x00001938      0x144 ./GIE_prog.o
                                0x1e0 (size before relaxing)
 .stab          0x00001a7c      0x240 ./KPD_prog.o
                                0x2dc (size before relaxing)
 .stab          0x00001cbc      0x2a0 ./LED_prog.o
                                0x33c (size before relaxing)
 .stab          0x00001f5c      0x168 ./PORT_prog.o
                                0x204 (size before relaxing)
 .stab          0x000020c4      0x1c8 ./SPI_prog.o
                                0x264 (size before relaxing)
 .stab          0x0000228c      0x360 ./SSD_prog.o
                                0x3fc (size before relaxing)
 .stab          0x000025ec      0x228 ./Switch_prog.o
                                0x2c4 (size before relaxing)
 .stab          0x00002814      0x63c ./TIMER_prog.o
                                0x6d8 (size before relaxing)
 .stab          0x00002e50      0x1e0 ./UART_prog.o
                                0x27c (size before relaxing)
 .stab          0x00003030      0x3fc ./main.o
                                0x63c (size before relaxing)

.stabstr        0x00000000     0x1795
 *(.stabstr)
 .stabstr       0x00000000     0x1795 ./ADC_prog.o

.stab.excl
 *(.stab.excl)

.stab.exclstr
 *(.stab.exclstr)

.stab.index
 *(.stab.index)

.stab.indexstr
 *(.stab.indexstr)

.comment
 *(.comment)

.debug
 *(.debug)

.line
 *(.line)

.debug_srcinfo
 *(.debug_srcinfo)

.debug_sfnames
 *(.debug_sfnames)

.debug_aranges  0x00000000      0x140
 *(.debug_aranges)
 .debug_aranges
                0x00000000       0x20 c:/users/abdo/downloads/drive-download-20210929t192809z-001/sdk_win_64/sdk_win_64/sdk_win_64/winavr/bin/../lib/gcc/avr/4.3.3/avr5\libgcc.a(_fixunssfsi.o)
 .debug_aranges
                0x00000020       0x20 c:/users/abdo/downloads/drive-download-20210929t192809z-001/sdk_win_64/sdk_win_64/sdk_win_64/winavr/bin/../lib/gcc/avr/4.3.3/avr5\libgcc.a(_addsub_sf.o)
 .debug_aranges
                0x00000040       0x20 c:/users/abdo/downloads/drive-download-20210929t192809z-001/sdk_win_64/sdk_win_64/sdk_win_64/winavr/bin/../lib/gcc/avr/4.3.3/avr5\libgcc.a(_mul_sf.o)
 .debug_aranges
                0x00000060       0x20 c:/users/abdo/downloads/drive-download-20210929t192809z-001/sdk_win_64/sdk_win_64/sdk_win_64/winavr/bin/../lib/gcc/avr/4.3.3/avr5\libgcc.a(_gt_sf.o)
 .debug_aranges
                0x00000080       0x20 c:/users/abdo/downloads/drive-download-20210929t192809z-001/sdk_win_64/sdk_win_64/sdk_win_64/winavr/bin/../lib/gcc/avr/4.3.3/avr5\libgcc.a(_ge_sf.o)
 .debug_aranges
                0x000000a0       0x20 c:/users/abdo/downloads/drive-download-20210929t192809z-001/sdk_win_64/sdk_win_64/sdk_win_64/winavr/bin/../lib/gcc/avr/4.3.3/avr5\libgcc.a(_lt_sf.o)
 .debug_aranges
                0x000000c0       0x20 c:/users/abdo/downloads/drive-download-20210929t192809z-001/sdk_win_64/sdk_win_64/sdk_win_64/winavr/bin/../lib/gcc/avr/4.3.3/avr5\libgcc.a(_sf_to_si.o)
 .debug_aranges
                0x000000e0       0x20 c:/users/abdo/downloads/drive-download-20210929t192809z-001/sdk_win_64/sdk_win_64/sdk_win_64/winavr/bin/../lib/gcc/avr/4.3.3/avr5\libgcc.a(_pack_sf.o)
 .debug_aranges
                0x00000100       0x20 c:/users/abdo/downloads/drive-download-20210929t192809z-001/sdk_win_64/sdk_win_64/sdk_win_64/winavr/bin/../lib/gcc/avr/4.3.3/avr5\libgcc.a(_unpack_sf.o)
 .debug_aranges
                0x00000120       0x20 c:/users/abdo/downloads/drive-download-20210929t192809z-001/sdk_win_64/sdk_win_64/sdk_win_64/winavr/bin/../lib/gcc/avr/4.3.3/avr5\libgcc.a(_fpcmp_parts_sf.o)

.debug_pubnames
                0x00000000      0x170
 *(.debug_pubnames)
 .debug_pubnames
                0x00000000       0x23 c:/users/abdo/downloads/drive-download-20210929t192809z-001/sdk_win_64/sdk_win_64/sdk_win_64/winavr/bin/../lib/gcc/avr/4.3.3/avr5\libgcc.a(_fixunssfsi.o)
 .debug_pubnames
                0x00000023       0x2c c:/users/abdo/downloads/drive-download-20210929t192809z-001/sdk_win_64/sdk_win_64/sdk_win_64/winavr/bin/../lib/gcc/avr/4.3.3/avr5\libgcc.a(_addsub_sf.o)
 .debug_pubnames
                0x0000004f       0x1f c:/users/abdo/downloads/drive-download-20210929t192809z-001/sdk_win_64/sdk_win_64/sdk_win_64/winavr/bin/../lib/gcc/avr/4.3.3/avr5\libgcc.a(_mul_sf.o)
 .debug_pubnames
                0x0000006e       0x1e c:/users/abdo/downloads/drive-download-20210929t192809z-001/sdk_win_64/sdk_win_64/sdk_win_64/winavr/bin/../lib/gcc/avr/4.3.3/avr5\libgcc.a(_gt_sf.o)
 .debug_pubnames
                0x0000008c       0x1e c:/users/abdo/downloads/drive-download-20210929t192809z-001/sdk_win_64/sdk_win_64/sdk_win_64/winavr/bin/../lib/gcc/avr/4.3.3/avr5\libgcc.a(_ge_sf.o)
 .debug_pubnames
                0x000000aa       0x1e c:/users/abdo/downloads/drive-download-20210929t192809z-001/sdk_win_64/sdk_win_64/sdk_win_64/winavr/bin/../lib/gcc/avr/4.3.3/avr5\libgcc.a(_lt_sf.o)
 .debug_pubnames
                0x000000c8       0x20 c:/users/abdo/downloads/drive-download-20210929t192809z-001/sdk_win_64/sdk_win_64/sdk_win_64/winavr/bin/../lib/gcc/avr/4.3.3/avr5\libgcc.a(_sf_to_si.o)
 .debug_pubnames
                0x000000e8       0x22 c:/users/abdo/downloads/drive-download-20210929t192809z-001/sdk_win_64/sdk_win_64/sdk_win_64/winavr/bin/../lib/gcc/avr/4.3.3/avr5\libgcc.a(_thenan_sf.o)
 .debug_pubnames
                0x0000010a       0x1f c:/users/abdo/downloads/drive-download-20210929t192809z-001/sdk_win_64/sdk_win_64/sdk_win_64/winavr/bin/../lib/gcc/avr/4.3.3/avr5\libgcc.a(_pack_sf.o)
 .debug_pubnames
                0x00000129       0x21 c:/users/abdo/downloads/drive-download-20210929t192809z-001/sdk_win_64/sdk_win_64/sdk_win_64/winavr/bin/../lib/gcc/avr/4.3.3/avr5\libgcc.a(_unpack_sf.o)
 .debug_pubnames
                0x0000014a       0x26 c:/users/abdo/downloads/drive-download-20210929t192809z-001/sdk_win_64/sdk_win_64/sdk_win_64/winavr/bin/../lib/gcc/avr/4.3.3/avr5\libgcc.a(_fpcmp_parts_sf.o)

.debug_info     0x00000000     0x1c49
 *(.debug_info)
 .debug_info    0x00000000       0xb1 c:/users/abdo/downloads/drive-download-20210929t192809z-001/sdk_win_64/sdk_win_64/sdk_win_64/winavr/bin/../lib/gcc/avr/4.3.3/avr5\libgcc.a(_fixunssfsi.o)
 .debug_info    0x000000b1      0x47a c:/users/abdo/downloads/drive-download-20210929t192809z-001/sdk_win_64/sdk_win_64/sdk_win_64/winavr/bin/../lib/gcc/avr/4.3.3/avr5\libgcc.a(_addsub_sf.o)
 .debug_info    0x0000052b      0x485 c:/users/abdo/downloads/drive-download-20210929t192809z-001/sdk_win_64/sdk_win_64/sdk_win_64/winavr/bin/../lib/gcc/avr/4.3.3/avr5\libgcc.a(_mul_sf.o)
 .debug_info    0x000009b0      0x27f c:/users/abdo/downloads/drive-download-20210929t192809z-001/sdk_win_64/sdk_win_64/sdk_win_64/winavr/bin/../lib/gcc/avr/4.3.3/avr5\libgcc.a(_gt_sf.o)
 .debug_info    0x00000c2f      0x27f c:/users/abdo/downloads/drive-download-20210929t192809z-001/sdk_win_64/sdk_win_64/sdk_win_64/winavr/bin/../lib/gcc/avr/4.3.3/avr5\libgcc.a(_ge_sf.o)
 .debug_info    0x00000eae      0x27f c:/users/abdo/downloads/drive-download-20210929t192809z-001/sdk_win_64/sdk_win_64/sdk_win_64/winavr/bin/../lib/gcc/avr/4.3.3/avr5\libgcc.a(_lt_sf.o)
 .debug_info    0x0000112d      0x2b0 c:/users/abdo/downloads/drive-download-20210929t192809z-001/sdk_win_64/sdk_win_64/sdk_win_64/winavr/bin/../lib/gcc/avr/4.3.3/avr5\libgcc.a(_sf_to_si.o)
 .debug_info    0x000013dd      0x12c c:/users/abdo/downloads/drive-download-20210929t192809z-001/sdk_win_64/sdk_win_64/sdk_win_64/winavr/bin/../lib/gcc/avr/4.3.3/avr5\libgcc.a(_thenan_sf.o)
 .debug_info    0x00001509      0x2df c:/users/abdo/downloads/drive-download-20210929t192809z-001/sdk_win_64/sdk_win_64/sdk_win_64/winavr/bin/../lib/gcc/avr/4.3.3/avr5\libgcc.a(_pack_sf.o)
 .debug_info    0x000017e8      0x251 c:/users/abdo/downloads/drive-download-20210929t192809z-001/sdk_win_64/sdk_win_64/sdk_win_64/winavr/bin/../lib/gcc/avr/4.3.3/avr5\libgcc.a(_unpack_sf.o)
 .debug_info    0x00001a39      0x210 c:/users/abdo/downloads/drive-download-20210929t192809z-001/sdk_win_64/sdk_win_64/sdk_win_64/winavr/bin/../lib/gcc/avr/4.3.3/avr5\libgcc.a(_fpcmp_parts_sf.o)
 *(.gnu.linkonce.wi.*)

.debug_abbrev   0x00000000      0xeeb
 *(.debug_abbrev)
 .debug_abbrev  0x00000000       0x5d c:/users/abdo/downloads/drive-download-20210929t192809z-001/sdk_win_64/sdk_win_64/sdk_win_64/winavr/bin/../lib/gcc/avr/4.3.3/avr5\libgcc.a(_fixunssfsi.o)
 .debug_abbrev  0x0000005d      0x1ea c:/users/abdo/downloads/drive-download-20210929t192809z-001/sdk_win_64/sdk_win_64/sdk_win_64/winavr/bin/../lib/gcc/avr/4.3.3/avr5\libgcc.a(_addsub_sf.o)
 .debug_abbrev  0x00000247      0x21b c:/users/abdo/downloads/drive-download-20210929t192809z-001/sdk_win_64/sdk_win_64/sdk_win_64/winavr/bin/../lib/gcc/avr/4.3.3/avr5\libgcc.a(_mul_sf.o)
 .debug_abbrev  0x00000462      0x15a c:/users/abdo/downloads/drive-download-20210929t192809z-001/sdk_win_64/sdk_win_64/sdk_win_64/winavr/bin/../lib/gcc/avr/4.3.3/avr5\libgcc.a(_gt_sf.o)
 .debug_abbrev  0x000005bc      0x15a c:/users/abdo/downloads/drive-download-20210929t192809z-001/sdk_win_64/sdk_win_64/sdk_win_64/winavr/bin/../lib/gcc/avr/4.3.3/avr5\libgcc.a(_ge_sf.o)
 .debug_abbrev  0x00000716      0x15a c:/users/abdo/downloads/drive-download-20210929t192809z-001/sdk_win_64/sdk_win_64/sdk_win_64/winavr/bin/../lib/gcc/avr/4.3.3/avr5\libgcc.a(_lt_sf.o)
 .debug_abbrev  0x00000870      0x17f c:/users/abdo/downloads/drive-download-20210929t192809z-001/sdk_win_64/sdk_win_64/sdk_win_64/winavr/bin/../lib/gcc/avr/4.3.3/avr5\libgcc.a(_sf_to_si.o)
 .debug_abbrev  0x000009ef       0xad c:/users/abdo/downloads/drive-download-20210929t192809z-001/sdk_win_64/sdk_win_64/sdk_win_64/winavr/bin/../lib/gcc/avr/4.3.3/avr5\libgcc.a(_thenan_sf.o)
 .debug_abbrev  0x00000a9c      0x1c0 c:/users/abdo/downloads/drive-download-20210929t192809z-001/sdk_win_64/sdk_win_64/sdk_win_64/winavr/bin/../lib/gcc/avr/4.3.3/avr5\libgcc.a(_pack_sf.o)
 .debug_abbrev  0x00000c5c      0x154 c:/users/abdo/downloads/drive-download-20210929t192809z-001/sdk_win_64/sdk_win_64/sdk_win_64/winavr/bin/../lib/gcc/avr/4.3.3/avr5\libgcc.a(_unpack_sf.o)
 .debug_abbrev  0x00000db0      0x13b c:/users/abdo/downloads/drive-download-20210929t192809z-001/sdk_win_64/sdk_win_64/sdk_win_64/winavr/bin/../lib/gcc/avr/4.3.3/avr5\libgcc.a(_fpcmp_parts_sf.o)

.debug_line     0x00000000      0xdad
 *(.debug_line)
 .debug_line    0x00000000       0xa7 c:/users/abdo/downloads/drive-download-20210929t192809z-001/sdk_win_64/sdk_win_64/sdk_win_64/winavr/bin/../lib/gcc/avr/4.3.3/avr5\libgcc.a(_fixunssfsi.o)
 .debug_line    0x000000a7      0x2af c:/users/abdo/downloads/drive-download-20210929t192809z-001/sdk_win_64/sdk_win_64/sdk_win_64/winavr/bin/../lib/gcc/avr/4.3.3/avr5\libgcc.a(_addsub_sf.o)
 .debug_line    0x00000356      0x239 c:/users/abdo/downloads/drive-download-20210929t192809z-001/sdk_win_64/sdk_win_64/sdk_win_64/winavr/bin/../lib/gcc/avr/4.3.3/avr5\libgcc.a(_mul_sf.o)
 .debug_line    0x0000058f       0xd3 c:/users/abdo/downloads/drive-download-20210929t192809z-001/sdk_win_64/sdk_win_64/sdk_win_64/winavr/bin/../lib/gcc/avr/4.3.3/avr5\libgcc.a(_gt_sf.o)
 .debug_line    0x00000662       0xd3 c:/users/abdo/downloads/drive-download-20210929t192809z-001/sdk_win_64/sdk_win_64/sdk_win_64/winavr/bin/../lib/gcc/avr/4.3.3/avr5\libgcc.a(_ge_sf.o)
 .debug_line    0x00000735       0xd3 c:/users/abdo/downloads/drive-download-20210929t192809z-001/sdk_win_64/sdk_win_64/sdk_win_64/winavr/bin/../lib/gcc/avr/4.3.3/avr5\libgcc.a(_lt_sf.o)
 .debug_line    0x00000808      0x109 c:/users/abdo/downloads/drive-download-20210929t192809z-001/sdk_win_64/sdk_win_64/sdk_win_64/winavr/bin/../lib/gcc/avr/4.3.3/avr5\libgcc.a(_sf_to_si.o)
 .debug_line    0x00000911       0x90 c:/users/abdo/downloads/drive-download-20210929t192809z-001/sdk_win_64/sdk_win_64/sdk_win_64/winavr/bin/../lib/gcc/avr/4.3.3/avr5\libgcc.a(_thenan_sf.o)
 .debug_line    0x000009a1      0x18a c:/users/abdo/downloads/drive-download-20210929t192809z-001/sdk_win_64/sdk_win_64/sdk_win_64/winavr/bin/../lib/gcc/avr/4.3.3/avr5\libgcc.a(_pack_sf.o)
 .debug_line    0x00000b2b      0x14b c:/users/abdo/downloads/drive-download-20210929t192809z-001/sdk_win_64/sdk_win_64/sdk_win_64/winavr/bin/../lib/gcc/avr/4.3.3/avr5\libgcc.a(_unpack_sf.o)
 .debug_line    0x00000c76      0x137 c:/users/abdo/downloads/drive-download-20210929t192809z-001/sdk_win_64/sdk_win_64/sdk_win_64/winavr/bin/../lib/gcc/avr/4.3.3/avr5\libgcc.a(_fpcmp_parts_sf.o)

.debug_frame    0x00000000      0x160
 *(.debug_frame)
 .debug_frame   0x00000000       0x20 c:/users/abdo/downloads/drive-download-20210929t192809z-001/sdk_win_64/sdk_win_64/sdk_win_64/winavr/bin/../lib/gcc/avr/4.3.3/avr5\libgcc.a(_fixunssfsi.o)
 .debug_frame   0x00000020       0x40 c:/users/abdo/downloads/drive-download-20210929t192809z-001/sdk_win_64/sdk_win_64/sdk_win_64/winavr/bin/../lib/gcc/avr/4.3.3/avr5\libgcc.a(_addsub_sf.o)
 .debug_frame   0x00000060       0x20 c:/users/abdo/downloads/drive-download-20210929t192809z-001/sdk_win_64/sdk_win_64/sdk_win_64/winavr/bin/../lib/gcc/avr/4.3.3/avr5\libgcc.a(_mul_sf.o)
 .debug_frame   0x00000080       0x20 c:/users/abdo/downloads/drive-download-20210929t192809z-001/sdk_win_64/sdk_win_64/sdk_win_64/winavr/bin/../lib/gcc/avr/4.3.3/avr5\libgcc.a(_gt_sf.o)
 .debug_frame   0x000000a0       0x20 c:/users/abdo/downloads/drive-download-20210929t192809z-001/sdk_win_64/sdk_win_64/sdk_win_64/winavr/bin/../lib/gcc/avr/4.3.3/avr5\libgcc.a(_ge_sf.o)
 .debug_frame   0x000000c0       0x20 c:/users/abdo/downloads/drive-download-20210929t192809z-001/sdk_win_64/sdk_win_64/sdk_win_64/winavr/bin/../lib/gcc/avr/4.3.3/avr5\libgcc.a(_lt_sf.o)
 .debug_frame   0x000000e0       0x20 c:/users/abdo/downloads/drive-download-20210929t192809z-001/sdk_win_64/sdk_win_64/sdk_win_64/winavr/bin/../lib/gcc/avr/4.3.3/avr5\libgcc.a(_sf_to_si.o)
 .debug_frame   0x00000100       0x20 c:/users/abdo/downloads/drive-download-20210929t192809z-001/sdk_win_64/sdk_win_64/sdk_win_64/winavr/bin/../lib/gcc/avr/4.3.3/avr5\libgcc.a(_pack_sf.o)
 .debug_frame   0x00000120       0x20 c:/users/abdo/downloads/drive-download-20210929t192809z-001/sdk_win_64/sdk_win_64/sdk_win_64/winavr/bin/../lib/gcc/avr/4.3.3/avr5\libgcc.a(_unpack_sf.o)
 .debug_frame   0x00000140       0x20 c:/users/abdo/downloads/drive-download-20210929t192809z-001/sdk_win_64/sdk_win_64/sdk_win_64/winavr/bin/../lib/gcc/avr/4.3.3/avr5\libgcc.a(_fpcmp_parts_sf.o)

.debug_str      0x00000000      0x28d
 *(.debug_str)
 .debug_str     0x00000000       0xbf c:/users/abdo/downloads/drive-download-20210929t192809z-001/sdk_win_64/sdk_win_64/sdk_win_64/winavr/bin/../lib/gcc/avr/4.3.3/avr5\libgcc.a(_fixunssfsi.o)
                                 0xfe (size before relaxing)
 .debug_str     0x000000bf      0x14d c:/users/abdo/downloads/drive-download-20210929t192809z-001/sdk_win_64/sdk_win_64/sdk_win_64/winavr/bin/../lib/gcc/avr/4.3.3/avr5\libgcc.a(_addsub_sf.o)
                                0x206 (size before relaxing)
 .debug_str     0x0000020c       0x27 c:/users/abdo/downloads/drive-download-20210929t192809z-001/sdk_win_64/sdk_win_64/sdk_win_64/winavr/bin/../lib/gcc/avr/4.3.3/avr5\libgcc.a(_mul_sf.o)
                                0x1bf (size before relaxing)
 .debug_str     0x00000233        0xf c:/users/abdo/downloads/drive-download-20210929t192809z-001/sdk_win_64/sdk_win_64/sdk_win_64/winavr/bin/../lib/gcc/avr/4.3.3/avr5\libgcc.a(_gt_sf.o)
                                0x195 (size before relaxing)
 .debug_str     0x00000242        0x8 c:/users/abdo/downloads/drive-download-20210929t192809z-001/sdk_win_64/sdk_win_64/sdk_win_64/winavr/bin/../lib/gcc/avr/4.3.3/avr5\libgcc.a(_ge_sf.o)
                                0x195 (size before relaxing)
 .debug_str     0x0000024a        0x8 c:/users/abdo/downloads/drive-download-20210929t192809z-001/sdk_win_64/sdk_win_64/sdk_win_64/winavr/bin/../lib/gcc/avr/4.3.3/avr5\libgcc.a(_lt_sf.o)
                                0x195 (size before relaxing)
 .debug_str     0x00000252        0xa c:/users/abdo/downloads/drive-download-20210929t192809z-001/sdk_win_64/sdk_win_64/sdk_win_64/winavr/bin/../lib/gcc/avr/4.3.3/avr5\libgcc.a(_sf_to_si.o)
                                0x19e (size before relaxing)
 .debug_str     0x00000000      0x103 c:/users/abdo/downloads/drive-download-20210929t192809z-001/sdk_win_64/sdk_win_64/sdk_win_64/winavr/bin/../lib/gcc/avr/4.3.3/avr5\libgcc.a(_thenan_sf.o)
 .debug_str     0x0000025c       0x16 c:/users/abdo/downloads/drive-download-20210929t192809z-001/sdk_win_64/sdk_win_64/sdk_win_64/winavr/bin/../lib/gcc/avr/4.3.3/avr5\libgcc.a(_pack_sf.o)
                                0x19d (size before relaxing)
 .debug_str     0x00000272        0xb c:/users/abdo/downloads/drive-download-20210929t192809z-001/sdk_win_64/sdk_win_64/sdk_win_64/winavr/bin/../lib/gcc/avr/4.3.3/avr5\libgcc.a(_unpack_sf.o)
                                0x17f (size before relaxing)
 .debug_str     0x0000027d       0x10 c:/users/abdo/downloads/drive-download-20210929t192809z-001/sdk_win_64/sdk_win_64/sdk_win_64/winavr/bin/../lib/gcc/avr/4.3.3/avr5\libgcc.a(_fpcmp_parts_sf.o)
                                0x163 (size before relaxing)

.debug_loc      0x00000000      0x7ce
 *(.debug_loc)
 .debug_loc     0x00000000       0x34 c:/users/abdo/downloads/drive-download-20210929t192809z-001/sdk_win_64/sdk_win_64/sdk_win_64/winavr/bin/../lib/gcc/avr/4.3.3/avr5\libgcc.a(_fixunssfsi.o)
 .debug_loc     0x00000034      0x32a c:/users/abdo/downloads/drive-download-20210929t192809z-001/sdk_win_64/sdk_win_64/sdk_win_64/winavr/bin/../lib/gcc/avr/4.3.3/avr5\libgcc.a(_addsub_sf.o)
 .debug_loc     0x0000035e      0x104 c:/users/abdo/downloads/drive-download-20210929t192809z-001/sdk_win_64/sdk_win_64/sdk_win_64/winavr/bin/../lib/gcc/avr/4.3.3/avr5\libgcc.a(_mul_sf.o)
 .debug_loc     0x00000462       0x3c c:/users/abdo/downloads/drive-download-20210929t192809z-001/sdk_win_64/sdk_win_64/sdk_win_64/winavr/bin/../lib/gcc/avr/4.3.3/avr5\libgcc.a(_gt_sf.o)
 .debug_loc     0x0000049e       0x3c c:/users/abdo/downloads/drive-download-20210929t192809z-001/sdk_win_64/sdk_win_64/sdk_win_64/winavr/bin/../lib/gcc/avr/4.3.3/avr5\libgcc.a(_ge_sf.o)
 .debug_loc     0x000004da       0x3c c:/users/abdo/downloads/drive-download-20210929t192809z-001/sdk_win_64/sdk_win_64/sdk_win_64/winavr/bin/../lib/gcc/avr/4.3.3/avr5\libgcc.a(_lt_sf.o)
 .debug_loc     0x00000516       0x7e c:/users/abdo/downloads/drive-download-20210929t192809z-001/sdk_win_64/sdk_win_64/sdk_win_64/winavr/bin/../lib/gcc/avr/4.3.3/avr5\libgcc.a(_sf_to_si.o)
 .debug_loc     0x00000594      0x13e c:/users/abdo/downloads/drive-download-20210929t192809z-001/sdk_win_64/sdk_win_64/sdk_win_64/winavr/bin/../lib/gcc/avr/4.3.3/avr5\libgcc.a(_pack_sf.o)
 .debug_loc     0x000006d2       0xac c:/users/abdo/downloads/drive-download-20210929t192809z-001/sdk_win_64/sdk_win_64/sdk_win_64/winavr/bin/../lib/gcc/avr/4.3.3/avr5\libgcc.a(_unpack_sf.o)
 .debug_loc     0x0000077e       0x50 c:/users/abdo/downloads/drive-download-20210929t192809z-001/sdk_win_64/sdk_win_64/sdk_win_64/winavr/bin/../lib/gcc/avr/4.3.3/avr5\libgcc.a(_fpcmp_parts_sf.o)

.debug_macinfo
 *(.debug_macinfo)
OUTPUT(DIO.elf elf32-avr)
LOAD linker stubs

.debug_ranges   0x00000000       0x50
 .debug_ranges  0x00000000       0x50 c:/users/abdo/downloads/drive-download-20210929t192809z-001/sdk_win_64/sdk_win_64/sdk_win_64/winavr/bin/../lib/gcc/avr/4.3.3/avr5\libgcc.a(_mul_sf.o)
